// Jest Snapshot v1, https://goo.gl/fbAQLP

exports[`index test duplicates 1`] = `
Array [
  2,
  4,
  5,
]
`;
